{
    "name": "My Project",
    "main": "dist/your-awesome-js-module.js",
    "ignore": [
        "source",
        "spec",
        ".bowerrc",
        ".gitignore",
        ".jshintignore",
        ".jshintrc",
        "bower.json",
        "gruntfile.js",
        "package.json",
        "README.md"
    ],
    "dependencies": {
        "jquery": ">=1.10.2",
        "underscore": "~1.5.2"
    },
    "devDependencies": {
        "jquery-mockjax": "~1.5.2"
    },
    "authors": [
        "John Doe",
        "Joe Bloggs",
        "Joe Bloggs <joe@bloggs.com>",
        "Joe Bloggs <joe@bloggs.com> (http://joebloggs.com)"
    ],
    "description": "Awesome project!",
    "license": "AGPL-3.0",
    "homepage": "http://example.com",
    "repository": {
        "type": "git",
        "url": "https://github.com/username/repository.git"
    }
}
